[08:06:59] WARNING: More than one matching pattern found - picking one


================================================================================
  CASE A_ERDRP_WT: ERDRP-0519 x WT (Control)
================================================================================
[1/4] Repairing Ligand Bonds...
      Input: <azure-workspace>/Stages/Stage 5/results/matrix/ERDRP_WT_seed_42.pdbqt
      SMILES: Cn1nc(C(F)(F)F)cc1C(=O)Nc1ccc(S(=O)(=O)N2CCCCC2CCN2CCOCC2)cc1
      Assigning bond orders from SMILES...
      Saved Corrected Ligand: <azure-workspace>/Stages/Stage 6/results/A_ERDRP_WT/ligand_repaired.sdf
[2/4] Preparing Protein & Building System...
      Loading raw PDB into PDBFixer: <azure-workspace>/Stages/Stage 1/data/9KNZ_raw.pdb
      Removing 4 unwanted chains...
      Removing 1 non-standard residues: A1E 2301
      Adding missing atoms (including terminal caps)...
      Adding hydrogens (pH 7.4)...
      Post-cleanup assertion: 0 non-standard residues remain. PASS.
      Identifying Zn-coordinating Cysteines...
      Renaming 4 CYS to CYX and removing HG...
        - CYS 1052 A -> CYX
        - CYS 1247 A -> CYX
        - CYS 1248 A -> CYX
        - CYS 1097 A -> CYX
      Removing 4 HG atoms from CYX residues.
      Merging Ligand...
      Ligand Conformer Type: <class 'pint.Quantity'>
      Solvating (TIP3P, Padding 1.0nm)...
      Generating Ligand Parameters (GAFF2 + AM1-BCC)...
      Creating OpenMM System...
      Saved System XML: <azure-workspace>/Stages/Stage 6/results/A_ERDRP_WT/system.xml
      Saved System PDB: <azure-workspace>/Stages/Stage 6/results/A_ERDRP_WT/topology.pdb
[3/4] Minimization & Equilibration...
      Restrained 3852 atoms (backbone + ligand heavy).
      Minimizing energy...
      Minimized. PE = -2529484.7229475807 kJ/mol
      Running NVT Equilibration (100 ps, Restrained)...
      Adding MonteCarloBarostat for NPT phase...
      Running NPT Equilibration (200 ps, Restrained)...
      Saved state XML: <azure-workspace>/Stages/Stage 6/results/A_ERDRP_WT/equilibrated_production_ready_state.xml
      Saved checkpoint: <azure-workspace>/Stages/Stage 6/results/A_ERDRP_WT/equilibrated_production_ready.chk
      Saved equilibrated PDB: <azure-workspace>/Stages/Stage 6/results/A_ERDRP_WT/equilibrated_production_ready.pdb
[4/4] Reconstruction Complete.

Stage 6 manifest written: <azure-workspace>/Stages/Stage 6/results/stage6_manifest.json
Cases completed: ['A_ERDRP_WT']
