[08:06:59] WARNING: More than one matching pattern found - picking one


================================================================================
  CASE B_ERDRP_MUT: ERDRP-0519 x W730A (Failure)
================================================================================
[1/4] Repairing Ligand Bonds...
      Input: /home/azureuser/biomni-workflow-2/vanshaj_workflow/Stages/Stage 5/results/matrix/ERDRP_MUT_seed_42.pdbqt
      SMILES: Cn1nc(C(F)(F)F)cc1C(=O)Nc1ccc(S(=O)(=O)N2CCCCC2CCN2CCOCC2)cc1
      Assigning bond orders from SMILES...
      Saved Corrected Ligand: /home/azureuser/biomni-workflow-2/vanshaj_workflow/Stages/Stage 6/results/B_ERDRP_MUT/ligand_repaired.sdf
[2/4] Preparing Protein & Building System...
      Loading raw PDB into PDBFixer: /home/azureuser/biomni-workflow-2/vanshaj_workflow/Stages/Stage 1/data/9KNZ_raw.pdb
      Removing 4 unwanted chains...
      Applying W730A mutation (TRP-730 -> ALA-730)...
      W730A mutation applied and verified.
      Removing 1 non-standard residues: A1E 2301
      Adding missing atoms (including terminal caps)...
      Adding hydrogens (pH 7.4)...
      Post-cleanup assertion: 0 non-standard residues remain. PASS.
      Identifying Zn-coordinating Cysteines...
      Renaming 4 CYS to CYX and removing HG...
        - CYS 1052 A -> CYX
        - CYS 1247 A -> CYX
        - CYS 1248 A -> CYX
        - CYS 1097 A -> CYX
      Removing 4 HG atoms from CYX residues.
      Merging Ligand...
      Ligand Conformer Type: <class 'pint.Quantity'>
      Solvating (TIP3P, Padding 1.0nm)...
      Generating Ligand Parameters (GAFF2 + AM1-BCC)...
      Creating OpenMM System...
      Saved System XML: /home/azureuser/biomni-workflow-2/vanshaj_workflow/Stages/Stage 6/results/B_ERDRP_MUT/system.xml
      Saved System PDB: /home/azureuser/biomni-workflow-2/vanshaj_workflow/Stages/Stage 6/results/B_ERDRP_MUT/topology.pdb
[3/4] Minimization & Equilibration...
      Restrained 3852 atoms (backbone + ligand heavy).
      Minimizing energy...
      Minimized. PE = -2523756.89949305 kJ/mol
      Running NVT Equilibration (100 ps, Restrained)...
      Adding MonteCarloBarostat for NPT phase...
      Running NPT Equilibration (200 ps, Restrained)...
      Saved state XML: /home/azureuser/biomni-workflow-2/vanshaj_workflow/Stages/Stage 6/results/B_ERDRP_MUT/equilibrated_production_ready_state.xml
      Saved checkpoint: /home/azureuser/biomni-workflow-2/vanshaj_workflow/Stages/Stage 6/results/B_ERDRP_MUT/equilibrated_production_ready.chk
      Saved equilibrated PDB: /home/azureuser/biomni-workflow-2/vanshaj_workflow/Stages/Stage 6/results/B_ERDRP_MUT/equilibrated_production_ready.pdb
[4/4] Reconstruction Complete.

Stage 6 manifest written: /home/azureuser/biomni-workflow-2/vanshaj_workflow/Stages/Stage 6/results/stage6_manifest.json
Cases completed: ['B_ERDRP_MUT']
